// Jest Snapshot v1, https://goo.gl/fbAQLP

exports[`App container test renders as expected 1`] = `
<ContextProvider
  value={
    Object {
      "store": Object {
        "dispatch": [Function],
        "getState": [Function],
        "replaceReducer": [Function],
        "subscribe": [Function],
        Symbol(observable): [Function],
      },
      "subscription": Subscription {
        "handleChangeWrapper": [Function],
        "listeners": Object {
          "notify": [Function],
        },
        "onStateChange": [Function],
        "parentSub": undefined,
        "store": Object {
          "dispatch": [Function],
          "getState": [Function],
          "replaceReducer": [Function],
          "subscribe": [Function],
          Symbol(observable): [Function],
        },
        "unsubscribe": null,
      },
    }
  }
>
  <BrowserRouter>
    <_default
      match={
        Object {
          "isExact": false,
          "params": Object {},
          "path": "/multicloud/policies",
          "url": "/multicloud",
        }
      }
      url="/multicloud/policies"
    />
  </BrowserRouter>
</ContextProvider>
`;
