// Jest Snapshot v1, https://goo.gl/fbAQLP

exports[`Grc Router container test renders as expected 1`] = `
<ContextConsumer>
  <Component />
</ContextConsumer>
`;
