// Jest Snapshot v1, https://goo.gl/fbAQLP

exports[`PolicyDetail container test renders as expected 1`] = `
<span
  aria-valuetext="Loading..."
  className="pf-c-spinner pf-m-xl patternfly-spinner"
  role="progressbar"
>
  <span
    className="pf-c-spinner__clipper"
  />
  <span
    className="pf-c-spinner__lead-ball"
  />
  <span
    className="pf-c-spinner__tail-ball"
  />
</span>
`;
