// Jest Snapshot v1, https://goo.gl/fbAQLP

exports[`truncate middle should truncate string as expected 1`] = `undefined`;
