// Jest Snapshot v1, https://goo.gl/fbAQLP

exports[`NoResource component renders as expected 1`] = `
<div
  className="page-content-container"
>
  <div
    className="child"
  >
    Test
  </div>
</div>
`;
