// Jest Snapshot v1, https://goo.gl/fbAQLP

exports[`ResourceFilterBar no filters applied renders as expected 1`] = `null`;

exports[`ResourceFilterBar w/ filter applied renders as expected 1`] = `null`;
