// Jest Snapshot v1, https://goo.gl/fbAQLP

exports[`ScrollToTop component test renders as expected 1`] = `"child"`;

exports[`ScrollToTop component test renders as expected 2`] = `"child"`;
