// Jest Snapshot v1, https://goo.gl/fbAQLP

exports[`YamlEditor renders as expected 1`] = `
<div
  className="yamlEditorContainer"
  style={
    Object {
      "display": "block",
      "minHeight": "100px",
    }
  }
>
  <div
    className="react-monaco-editor-container"
    style={
      Object {
        "height": "100%",
        "width": "100%",
      }
    }
  />
</div>
`;

exports[`YamlEditor renders as expected 2`] = `
<div
  className="yamlEditorContainer"
  style={
    Object {
      "display": "block",
      "minHeight": "100px",
    }
  }
>
  <div
    className="react-monaco-editor-container"
    style={
      Object {
        "height": "100%",
        "width": "100%",
      }
    }
  />
</div>
`;
